\BOOKMARK [1][-]{section.1}{\376\377\000S\000o\000u\000r\000c\000e\000\040\000b\000a\000s\000i\000s\000\040\000a\000n\000d\000\040\000c\000o\000n\000d\000e\000n\000s\000a\000t\000i\000o\000n\000\040\000r\000u\000l\000e}{}% 1
\BOOKMARK [2][-]{subsection.1.1}{\376\377\000P\000r\000o\000j\000e\000c\000t\000\040\000s\000o\000u\000r\000c\000e\000s}{section.1}% 2
\BOOKMARK [2][-]{subsection.1.2}{\376\377\000A\000d\000m\000i\000s\000s\000i\000o\000n\000\040\000a\000n\000d\000\040\000c\000o\000n\000d\000e\000n\000s\000a\000t\000i\000o\000n}{section.1}% 3
\BOOKMARK [1][-]{section.2}{\376\377\000T\000h\000e\000\040\000T\000O\000M\000A\000G\000I\000\040\000p\000r\000o\000g\000r\000a\000m\000\040\000o\000b\000j\000e\000c\000t}{}% 4
\BOOKMARK [2][-]{subsection.2.1}{\376\377\000D\000e\000f\000i\000n\000i\000t\000i\000o\000n\000s\000,\000\040\000c\000e\000l\000l\000s\000\040\000a\000n\000d\000\040\000s\000t\000a\000t\000e}{section.2}% 5
\BOOKMARK [2][-]{subsection.2.2}{\376\377\000S\000t\000a\000t\000e\0006\0004}{section.2}% 6
\BOOKMARK [2][-]{subsection.2.3}{\376\377\000C\000e\000l\000l\0004\0008}{section.2}% 7
\BOOKMARK [1][-]{section.3}{\376\377\000L\000o\000g\000-\000p\000o\000l\000a\000r\000\040\000c\000o\000o\000r\000d\000i\000n\000a\000t\000e\000s\000\040\000a\000n\000d\000\040\000t\000h\000e\000\040\000e\000x\000a\000c\000t\000\040\0006\0004\000-\000b\000i\000t\000\040\000a\000d\000d\000r\000e\000s\000s}{}% 8
\BOOKMARK [2][-]{subsection.3.1}{\376\377\000C\000o\000n\000t\000i\000n\000u\000o\000u\000s\000\040\000s\000o\000u\000r\000c\000e\000\040\000c\000h\000a\000r\000t\000\040\000a\000n\000d\000\040\000c\000o\000m\000p\000i\000l\000e\000d\000\040\000i\000n\000t\000e\000g\000e\000r\000\040\000c\000h\000a\000r\000t}{section.3}% 9
\BOOKMARK [2][-]{subsection.3.2}{\376\377\000C\000o\000n\000t\000i\000g\000u\000o\000u\000s\000\040\000k\000e\000y}{section.3}% 10
\BOOKMARK [2][-]{subsection.3.3}{\376\377\000M\000o\000r\000t\000o\000n\000\040\000k\000e\000y}{section.3}% 11
\BOOKMARK [1][-]{section.4}{\376\377\000L\000i\000t\000e\000r\000a\000l\000\040\000S\000D\000F\000-\000z\000e\000r\000o\000\040\000a\000s\000\040\000t\000h\000e\000\040\000m\000e\000m\000o\000r\000y\000\040\000s\000u\000b\000s\000t\000r\000a\000t\000e}{}% 12
\BOOKMARK [1][-]{section.5}{\376\377\000T\000h\000e\000\040\000o\000n\000e\000-\000b\000i\000t\000\040\000p\000a\000r\000i\000t\000y\000/\000j\000i\000t\000t\000e\000r\000\040\000o\000p\000e\000r\000a\000t\000o\000r}{}% 13
\BOOKMARK [2][-]{subsection.5.1}{\376\377\000E\000x\000a\000c\000t\000\040\000b\000i\000t\000\040\000d\000e\000r\000i\000v\000a\000t\000i\000o\000n}{section.5}% 14
\BOOKMARK [2][-]{subsection.5.2}{\376\377\000W\000h\000a\000t\000\040\000p\000a\000r\000i\000t\000y\000\040\000d\000o\000e\000s\000\040\000n\000o\000t\000\040\000d\000o}{section.5}% 15
\BOOKMARK [1][-]{section.6}{\376\377\000K\000i\000n\000e\000m\000a\000t\000i\000c\000\040\000c\000h\000a\000n\000g\000e\000-\000o\000f\000-\000c\000h\000a\000n\000g\000e\000\040\000i\000n\000s\000i\000d\000e\000\040\000t\000h\000e\000\040\000L\000U\000T}{}% 16
\BOOKMARK [2][-]{subsection.6.1}{\376\377\000I\000n\000t\000e\000g\000e\000r\000\040\000s\000e\000c\000o\000n\000d\000-\000o\000r\000d\000e\000r\000\040\000u\000p\000d\000a\000t\000e}{section.6}% 17
\BOOKMARK [2][-]{subsection.6.2}{\376\377\000C\000o\000n\000t\000i\000n\000u\000o\000u\000s\000\040\000l\000o\000g\000-\000p\000o\000l\000a\000r\000\040\000i\000n\000t\000e\000r\000p\000r\000e\000t\000a\000t\000i\000o\000n}{section.6}% 18
\BOOKMARK [1][-]{section.7}{\376\377\000L\000o\000w\000e\000r\000-\000c\000a\000s\000e\000\040\000p\000h\000i\000\040\000a\000n\000d\000\040\000t\000h\000e\000\040\000z\000e\000r\000o\000-\000b\000a\000s\000e\000d\000\040\000t\000i\000m\000e\000l\000i\000n\000e}{}% 19
\BOOKMARK [2][-]{subsection.7.1}{\376\377\000S\000y\000m\000b\000o\000l\000\040\000s\000e\000p\000a\000r\000a\000t\000i\000o\000n}{section.7}% 20
\BOOKMARK [2][-]{subsection.7.2}{\376\377\000T\000i\000m\000e\000l\000i\000n\000e\000\040\000u\000p\000d\000a\000t\000e}{section.7}% 21
\BOOKMARK [2][-]{subsection.7.3}{\376\377\000L\000o\000w\000e\000r\000-\000c\000a\000s\000e\000\040\000p\000h\000i\000\040\000u\000p\000d\000a\000t\000e}{section.7}% 22
\BOOKMARK [1][-]{section.8}{\376\377\000T\000o\000p\000o\000l\000o\000g\000i\000c\000a\000l\000\040\000t\000r\000a\000n\000s\000p\000o\000r\000t}{}% 23
\BOOKMARK [2][-]{subsection.8.1}{\376\377\000R\000e\000f\000l\000e\000c\000t\000i\000v\000e\000\040\000K\000l\000e\000i\000n\000\040\000p\000r\000o\000f\000i\000l\000e}{section.8}% 24
\BOOKMARK [2][-]{subsection.8.2}{\376\377\000S\000o\000u\000r\000c\000e\000\040\000h\000a\000l\000f\000-\000t\000u\000r\000n\000\040\000p\000r\000o\000f\000i\000l\000e}{section.8}% 25
\BOOKMARK [1][-]{section.9}{\376\377\000C\000o\000n\000e\000,\000\040\000c\000i\000r\000c\000l\000e\000,\000\040\000s\000p\000h\000e\000r\000e\000\040\000a\000n\000d\000\040\000o\000v\000e\000r\000l\000a\000p\000\040\000r\000e\000l\000a\000t\000i\000o\000n\000s}{}% 26
\BOOKMARK [2][-]{subsection.9.1}{\376\377\000F\000i\000n\000i\000t\000e\000\040\000c\000o\000n\000e\000\040\000s\000o\000u\000r\000c\000e\000\040\000g\000e\000o\000m\000e\000t\000r\000y}{section.9}% 27
\BOOKMARK [2][-]{subsection.9.2}{\376\377\000P\000a\000c\000k\000e\000d\000\040\000c\000o\000n\000e\000\040\000r\000e\000l\000a\000t\000i\000o\000n}{section.9}% 28
\BOOKMARK [2][-]{subsection.9.3}{\376\377\000S\000p\000h\000e\000r\000e\000\040\000o\000r\000\040\000s\000h\000e\000l\000l\000\040\000r\000e\000l\000a\000t\000i\000o\000n}{section.9}% 29
\BOOKMARK [2][-]{subsection.9.4}{\376\377\000P\000r\000o\000j\000e\000c\000t\000i\000o\000n\000\040\000s\000e\000m\000a\000n\000t\000i\000c\000s}{section.9}% 30
\BOOKMARK [2][-]{subsection.9.5}{\376\377\000O\000v\000e\000r\000l\000a\000p\000\040\000l\000e\000n\000s}{section.9}% 31
\BOOKMARK [1][-]{section.10}{\376\377\000R\000a\000d\000i\000x\000\040\000r\000o\000u\000t\000i\000n\000g\000,\000\040\000h\000i\000n\000g\000e\000s\000\040\000a\000n\000d\000\040\000t\000h\000e\000\040\000L\000-\000s\000y\000s\000t\000e\000m}{}% 32
\BOOKMARK [2][-]{subsection.10.1}{\376\377\000R\000a\000d\000i\000x\000\040\000b\000r\000a\000n\000c\000h}{section.10}% 33
\BOOKMARK [2][-]{subsection.10.2}{\376\377\000H\000i\000n\000g\000e}{section.10}% 34
\BOOKMARK [2][-]{subsection.10.3}{\376\377\000L\000-\000s\000y\000s\000t\000e\000m\000\040\000t\000r\000a\000n\000s\000f\000o\000r\000m}{section.10}% 35
\BOOKMARK [1][-]{section.11}{\376\377\000T\000r\000a\000n\000s\000i\000t\000i\000o\000n\000,\000\040\000o\000u\000t\000p\000u\000t\000\040\000a\000n\000d\000\040\000l\000i\000n\000e\000a\000g\000e}{}% 36
\BOOKMARK [1][-]{section.12}{\376\377\000D\000e\000t\000e\000r\000m\000i\000n\000i\000s\000t\000i\000c\000\040\000s\000u\000b\000s\000t\000i\000t\000u\000t\000i\000o\000n\000\040\000f\000o\000r\000\040\000A\000I}{}% 37
\BOOKMARK [1][-]{section.13}{\376\377\000P\000o\000r\000t\000a\000b\000l\000e\000\040\000i\000n\000s\000t\000r\000u\000c\000t\000i\000o\000n\000\040\000s\000e\000t\000\040\000a\000n\000d\000\040\000b\000i\000n\000a\000r\000y\000\040\000A\000B\000I}{}% 38
\BOOKMARK [2][-]{subsection.13.1}{\376\377\000S\000i\000x\000t\000e\000e\000n\000\040\000o\000p\000c\000o\000d\000e\000s}{section.13}% 39
\BOOKMARK [2][-]{subsection.13.2}{\376\377\000B\000i\000n\000a\000r\000y\000\040\000f\000i\000l\000e}{section.13}% 40
\BOOKMARK [1][-]{section.14}{\376\377\000C\000P\000U\000\040\000a\000n\000d\000\040\000G\000P\000U\000\040\000r\000e\000a\000l\000i\000z\000a\000t\000i\000o\000n\000s}{}% 41
\BOOKMARK [2][-]{subsection.14.1}{\376\377\000P\000y\000t\000h\000o\000n\000\040\000o\000r\000a\000c\000l\000e}{section.14}% 42
\BOOKMARK [2][-]{subsection.14.2}{\376\377\000C\0009\0009\000\040\000e\000v\000a\000l\000u\000a\000t\000o\000r}{section.14}% 43
\BOOKMARK [2][-]{subsection.14.3}{\376\377\000G\000P\000U\000\040\000k\000e\000r\000n\000e\000l\000s}{section.14}% 44
\BOOKMARK [1][-]{section.15}{\376\377\000E\000x\000e\000c\000u\000t\000a\000b\000l\000e\000\040\000e\000x\000a\000m\000p\000l\000e\000s}{}% 45
\BOOKMARK [2][-]{subsection.15.1}{\376\377\000L\000i\000t\000e\000r\000a\000l\000\040\000p\000o\000l\000a\000r\000\040\000l\000o\000o\000p}{section.15}% 46
\BOOKMARK [2][-]{subsection.15.2}{\376\377\000T\000h\000e\000\040\0001\0009\000\040\000f\000e\000a\000t\000u\000r\000e\000\040\000p\000i\000p\000e\000l\000i\000n\000e}{section.15}% 47
\BOOKMARK [2][-]{subsection.15.3}{\376\377\000C\000o\000m\000p\000i\000l\000e\000d\000\040\000e\000x\000a\000c\000t\000-\0001\0009\000\040\000r\000u\000l\000e}{section.15}% 48
\BOOKMARK [1][-]{section.16}{\376\377\000V\000a\000l\000i\000d\000a\000t\000i\000o\000n\000\040\000a\000n\000d\000\040\000r\000e\000p\000r\000o\000d\000u\000c\000i\000b\000i\000l\000i\000t\000y}{}% 49
\BOOKMARK [1][-]{section.17}{\376\377\000N\000o\000r\000m\000a\000t\000i\000v\000e\000\040\000n\000o\000-\000f\000a\000i\000l\000s\000a\000f\000e\000\040\000p\000r\000o\000f\000i\000l\000e}{}% 50
\BOOKMARK [1][-]{section.18}{\376\377\000F\000i\000n\000a\000l\000\040\000s\000u\000b\000s\000t\000r\000a\000t\000e\000\040\000d\000e\000f\000i\000n\000i\000t\000i\000o\000n}{}% 51
\BOOKMARK [1][-]{appendix.A}{\376\377\000C\000o\000m\000p\000l\000e\000t\000e\000\040\000s\000y\000m\000b\000o\000l\000\040\000c\000o\000n\000t\000r\000a\000c\000t}{}% 52
\BOOKMARK [1][-]{appendix.B}{\376\377\000C\000o\000m\000p\000l\000e\000t\000e\000\040\0004\0003\000-\000o\000p\000e\000r\000a\000t\000o\000r\000\040\000c\000a\000t\000a\000l\000o\000g}{}% 53
\BOOKMARK [1][-]{appendix.C}{\376\377\000E\000x\000a\000c\000t\000\040\000M\000o\000r\000t\000o\000n\000\040\000s\000c\000h\000e\000d\000u\000l\000e}{}% 54
\BOOKMARK [1][-]{appendix.D}{\376\377\000S\000o\000u\000r\000c\000e\000\040\000r\000e\000g\000i\000s\000t\000e\000r\000\040\000a\000n\000d\000\040\000c\000r\000o\000s\000s\000w\000a\000l\000k\000\040\000t\000o\000t\000a\000l\000s}{}% 55
\BOOKMARK [1][-]{appendix.E}{\376\377\000P\000a\000c\000k\000a\000g\000e\000\040\000l\000a\000y\000o\000u\000t}{}% 56
